model=resnet18_finetune
parameters total=11,177,538 trainable=8,394,754 frozen=2,782,784
trainable tensors (17):
  - layer4.0.conv1.weight
  - layer4.0.bn1.weight
  - layer4.0.bn1.bias
  - layer4.0.conv2.weight
  - layer4.0.bn2.weight
  - layer4.0.bn2.bias
  - layer4.0.downsample.0.weight
  - layer4.0.downsample.1.weight
  - layer4.0.downsample.1.bias
  - layer4.1.conv1.weight
  - layer4.1.bn1.weight
  - layer4.1.bn1.bias
  - layer4.1.conv2.weight
  - layer4.1.bn2.weight
  - layer4.1.bn2.bias
  - fc.weight
  - fc.bias
Verified trainable scope: layer4.* + fc.* only
class_weights source=train_only counts={'NORMAL': 1140, 'PNEUMONIA': 3292} formula=N / (C * n_c) weights(NORMAL,PNEUMONIA)=[1.943859649122807, 0.6731470230862697]
optimizer LR head=0.0005 backbone=0.0001 class_weights=[1.943859649122807, 0.6731470230862697]
device=cpu train=4432 val=784
epoch 1/10 train_loss=0.1496 val_loss=0.0876 val_f1_macro=0.9512 val_recall_pneumonia=0.9588 lr=0.000098 *
epoch 2/10 train_loss=0.0889 val_loss=0.1153 val_f1_macro=0.9411 val_recall_pneumonia=0.9400 lr=0.000090
epoch 3/10 train_loss=0.0736 val_loss=0.0890 val_f1_macro=0.9437 val_recall_pneumonia=0.9485 lr=0.000079
epoch 4/10 train_loss=0.0734 val_loss=0.0717 val_f1_macro=0.9563 val_recall_pneumonia=0.9588 lr=0.000065 *
epoch 5/10 train_loss=0.0526 val_loss=0.1701 val_f1_macro=0.9267 val_recall_pneumonia=0.9194 lr=0.000050
epoch 6/10 train_loss=0.0446 val_loss=0.0606 val_f1_macro=0.9751 val_recall_pneumonia=0.9828 lr=0.000035 *
epoch 7/10 train_loss=0.0398 val_loss=0.0716 val_f1_macro=0.9671 val_recall_pneumonia=0.9743 lr=0.000021
epoch 8/10 train_loss=0.0263 val_loss=0.0728 val_f1_macro=0.9654 val_recall_pneumonia=0.9743 lr=0.000010
epoch 9/10 train_loss=0.0330 val_loss=0.0670 val_f1_macro=0.9701 val_recall_pneumonia=0.9811 lr=0.000002
Early stopping at epoch 9 (best epoch 6, val_loss=0.0606)
Wrote /home/fiores/Documents/hien-selflearning/pneumonia-detection/checkpoints/resnet18_finetune_weighted/resnet18_finetune_weighted_train_summary.json
Training done. best_epoch=6 val_loss=0.0606
